// Jest Snapshot v1, https://goo.gl/fbAQLP

exports[`updateGraphqlSchema update failed by network reason 1`] = `"[NetWorkError]: 401 - Unauthorized"`;
